{
  "D0": 0,
  "D1": 0,
  "D2": 0,
  "D3": 0,
  "D4": 0,
  "D5": 0,
  "D6": 0,
  "D7": 0
}
