[
  [
    "test ! -e /sys/class/gpio/gpio132 && echo 132 > /sys/class/gpio/export || echo \"already exported\""
  ],
  [
    "out > /sys/class/gpio/gpio132/direction"
  ],
  [
    "0 > /sys/class/gpio/gpio132/value"
  ],
  [
    "test ! -e /sys/class/gpio/gpio133 && echo 133 > /sys/class/gpio/export || echo \"already exported\""
  ],
  [
    "out > /sys/class/gpio/gpio133/direction"
  ],
  [
    "0 > /sys/class/gpio/gpio133/value"
  ],
  [
    "test ! -e /sys/class/gpio/gpio134 && echo 134 > /sys/class/gpio/export || echo \"already exported\""
  ],
  [
    "out > /sys/class/gpio/gpio134/direction"
  ],
  [
    "0 > /sys/class/gpio/gpio134/value"
  ],
  [
    "test ! -e /sys/class/gpio/gpio135 && echo 135 > /sys/class/gpio/export || echo \"already exported\""
  ],
  [
    "out > /sys/class/gpio/gpio135/direction"
  ],
  [
    "0 > /sys/class/gpio/gpio135/value"
  ],
  [
    "test ! -e /sys/class/gpio/gpio136 && echo 136 > /sys/class/gpio/export || echo \"already exported\""
  ],
  [
    "out > /sys/class/gpio/gpio136/direction"
  ],
  [
    "0 > /sys/class/gpio/gpio136/value"
  ],
  [
    "test ! -e /sys/class/gpio/gpio137 && echo 137 > /sys/class/gpio/export || echo \"already exported\""
  ],
  [
    "out > /sys/class/gpio/gpio137/direction"
  ],
  [
    "0 > /sys/class/gpio/gpio137/value"
  ],
  [
    "test ! -e /sys/class/gpio/gpio138 && echo 138 > /sys/class/gpio/export || echo \"already exported\""
  ],
  [
    "out > /sys/class/gpio/gpio138/direction"
  ],
  [
    "0 > /sys/class/gpio/gpio138/value"
  ],
  [
    "test ! -e /sys/class/gpio/gpio139 && echo 139 > /sys/class/gpio/export || echo \"already exported\""
  ],
  [
    "out > /sys/class/gpio/gpio139/direction"
  ],
  [
    "0 > /sys/class/gpio/gpio139/value"
  ],
  [
    "test ! -e /sys/class/pwm/pwmchip0/pwm0 && echo 0 > /sys/class/pwm/pwmchip0/export || echo \"already exported\""
  ],
  [
    "0 > /sys/class/pwm/pwmchip0/pwm0/enable"
  ],
  [
    "normal > /sys/class/pwm/pwmchip0/pwm0/polarity"
  ],
  [
    "20000000 > /sys/class/pwm/pwmchip0/pwm0/period"
  ],
  [
    "1000 > /sys/class/pwm/pwmchip0/pwm0/duty_cycle"
  ],
  [
    "test ! -e /sys/class/pwm/pwmchip0/pwm1 && echo 1 > /sys/class/pwm/pwmchip0/export || echo \"already exported\""
  ],
  [
    "0 > /sys/class/pwm/pwmchip0/pwm1/enable"
  ],
  [
    "normal > /sys/class/pwm/pwmchip0/pwm1/polarity"
  ],
  [
    "20000000 > /sys/class/pwm/pwmchip0/pwm1/period"
  ],
  [
    "1000 > /sys/class/pwm/pwmchip0/pwm1/duty_cycle"
  ]
]
