{
  "Gpio": [
    [
      132,
      "out"
    ],
    [
      133,
      "out"
    ],
    [
      134,
      "out"
    ],
    [
      135,
      "out"
    ],
    [
      136,
      "out"
    ],
    [
      137,
      "out"
    ],
    [
      138,
      "out"
    ],
    [
      139,
      "out"
    ]
  ],
  "write": [
    [
      0
    ],
    [
      0
    ],
    [
      0
    ],
    [
      0
    ],
    [
      0
    ],
    [
      0
    ],
    [
      0
    ],
    [
      0
    ]
  ]
}
