[
  "- - - - -",
  "{\"name\":\"exportPwm\",\"params\":[[0],[1]]}",
  "test ! -e /sys/class/pwm/pwmchip0/pwm0 && echo 0 > /sys/class/pwm/pwmchip0/export || echo \"already exported\"",
  "test ! -e /sys/class/pwm/pwmchip0/pwm1 && echo 1 > /sys/class/pwm/pwmchip0/export || echo \"already exported\"",
  "- - - - -",
  "{\"name\":\"unexportPwm\",\"params\":[[0],[1]]}",
  "test -e /sys/class/pwm/pwmchip0/pwm0 && echo 0 > /sys/class/pwm/pwmchip0/unexport || echo \"not exported\"",
  "test -e /sys/class/pwm/pwmchip0/pwm1 && echo 1 > /sys/class/pwm/pwmchip0/unexport || echo \"not exported\"",
  "- - - - -",
  "{\"name\":\"setPwmEnable\",\"params\":[[0,0],[0,1],[1,0],[1,1]]}",
  "0 > /sys/class/pwm/pwmchip0/pwm0/enable",
  "1 > /sys/class/pwm/pwmchip0/pwm0/enable",
  "0 > /sys/class/pwm/pwmchip0/pwm1/enable",
  "1 > /sys/class/pwm/pwmchip0/pwm1/enable",
  "- - - - -",
  "{\"name\":\"setPwmPolarity\",\"params\":[[0,\"normal\"],[1,\"inversed\"]]}",
  "normal > /sys/class/pwm/pwmchip0/pwm0/polarity",
  "inversed > /sys/class/pwm/pwmchip0/pwm1/polarity",
  "- - - - -",
  "{\"name\":\"setPwmPeriod\",\"params\":[[0,1000000000],[1,505050]]}",
  "1000000000 > /sys/class/pwm/pwmchip0/pwm0/period",
  "505050 > /sys/class/pwm/pwmchip0/pwm1/period",
  "- - - - -",
  "{\"name\":\"setPwmDutyCycle\",\"params\":[[0,454545],[1,300000000]]}",
  "454545 > /sys/class/pwm/pwmchip0/pwm0/duty_cycle",
  "300000000 > /sys/class/pwm/pwmchip0/pwm1/duty_cycle"
]
