[
  [
    "unexporting",
    132
  ],
  [
    "unexporting",
    133
  ],
  [
    "unexporting",
    134
  ],
  [
    "unexporting",
    135
  ],
  [
    "unexporting",
    136
  ],
  [
    "unexporting",
    137
  ],
  [
    "unexporting",
    138
  ],
  [
    "unexporting",
    139
  ]
]
