[
  [
    [
      null,
      {
        "D0": 0
      }
    ],
    [
      null,
      {
        "D0": 1
      }
    ],
    [
      null,
      {
        "D1": 0
      }
    ],
    [
      null,
      {
        "D2": 1
      }
    ],
    [
      null,
      {
        "D5": 1
      }
    ],
    [
      null,
      {
        "D7": 1
      }
    ]
  ],
  [
    [
      null,
      "exit"
    ]
  ]
]
