{
  "thingShadowCall": [
    [
      {
        "keyPath": "privateKey",
        "certPath": "clientCert",
        "caPath": "caCert",
        "clientId": "clientId",
        "region": "region",
        "baseReconnectTimeMs": "baseReconnectTimeMs",
        "keepalive": "keepAlive",
        "protocol": "Protocol",
        "port": "Port",
        "host": "Host",
        "debug": false
      }
    ]
  ],
  "registerCall": [
    [
      "testThing",
      {
        "ignoreDeltas": false
      },
      null
    ]
  ],
  "registerEvents": [
    [
      "connect",
      null
    ],
    [
      "close",
      null
    ],
    [
      "reconnect",
      null
    ],
    [
      "offline",
      null
    ],
    [
      "error",
      null
    ],
    [
      "message",
      null
    ],
    [
      "status",
      null
    ],
    [
      "delta",
      null
    ],
    [
      "timeout",
      null
    ]
  ]
}
